输入级 AI 极端对手课程续训（v3）
  起点权重：data\input-ai-extreme.json
  网络形状：128×88 → 192×128 → 128×192 → 952×128（952 动作 = 34×14×2）
  课程：hell=20% → elite=28% → extreme=30% → extreme-max=22%
  games=300 eval=8 step=100 jitter=0.06 seed=20260912
  优化器：adam+layerlr
BC 保鲜池 2120 条（120 局追球监督 · 在线混入 6% → 压到 6% · 周期性重锚 0 pass/100局）
基线（起点权重）：default=28.1%  hell=30.4%  elite=26.4%  extreme=26.7%  extreme-max=30.7%
选优基线：best=30.0（vs默认=28.1%，护栏下限 23.1%）
预填回放 100 回合 → 回放 1976 条样本（贪心当前策略 · 课程对手 · 胜率 29% · 2s）

—— 课程进入第 1/4 阶段：对手=hell（占 20%，第 0-60 局）——

—— 课程进入第 2/4 阶段：对手=elite（占 28%，第 60-144 局）——
ep   100 [elite]  train=33%  vs本档=37.2%  vsextreme-max=39.5%  vs默认=39.0%  best=38.7  eps=0.15  [183s]

—— 课程进入第 3/4 阶段：对手=extreme（占 30%，第 144-234 局）——
ep   200 [extreme]  train=39%  vs本档=35.3%  vsextreme-max=40.4%  vs默认=47.7%  best=40.7  eps=0.15  [329s]

—— 课程进入第 4/4 阶段：对手=extreme-max（占 22%，第 234-300 局）——
ep   300 [extreme-max]  train=40%  vs本档=30.7%  vsextreme-max=23.5%  vs默认=37.7%  best=40.7  eps=0.15  [462s]

=== 最佳权重最终评估（80 局/档）===
  对手            新权重        起点权重
  default         35.6%    28.1%  +7.6
  hell            35.3%    30.4%  +4.9
  elite           34.8%    26.4%  +8.4
  extreme         33.7%    26.7%  +7.1
  extreme-max     34.7%    30.7%  +4.0
已写 tools\input-curve-llr-seed2.json
✅ 采纳：已保存 data\tmp-llr-seed2.json（vs extreme-max 34.7% ← 基线 30.7%）

下一步：
  1) 烘焙进实机：  node tools/bake-input.js data/tmp-llr-seed2.json 0.347 0.356
  2) 继续加压续训：node tools/train-input3.js --from data/tmp-llr-seed2.json --games 3000 --eval 32 --step 75
