输入级 AI 稳定化训练（v2 · endReward=1.5）· games=1600 · eval=40
BC 样本 18032 条 · 监督拟合 …
  BC pass=3 eval=35.6%
  BC pass=6 eval=56.8%
  BC pass=9 eval=78.3%
RL 训练开始 · opp=hell · games=1600 · eval=40
ep   25  train=24%  evalHell=64.9%  evalDef=78.2%  bestH=64.9%  eps=0.99  [383s]
ep   50  train=22%  evalHell=66.2%  evalDef=83.5%  bestH=66.2%  eps=0.99  [473s]
ep   75  train=23%  evalHell=64.9%  evalDef=80.3%  bestH=66.2%  eps=0.98  [563s]
ep  100  train=29%  evalHell=62.4%  evalDef=82.6%  bestH=66.2%  eps=0.97  [764s]
ep  125  train=30%  evalHell=64.4%  evalDef=83.3%  bestH=66.2%  eps=0.97  [853s]
ep  150  train=30%  evalHell=67.2%  evalDef=83.7%  bestH=67.2%  eps=0.96  [940s]
ep  175  train=29%  evalHell=67.6%  evalDef=83.7%  bestH=67.6%  eps=0.96  [1027s]
ep  200  train=31%  evalHell=62.4%  evalDef=86.8%  bestH=67.6%  eps=0.95  [1227s]
ep  225  train=30%  evalHell=60.9%  evalDef=82.7%  bestH=67.6%  eps=0.94  [1316s]
ep  250  train=31%  evalHell=62.6%  evalDef=83.2%  bestH=67.6%  eps=0.94  [1404s]
ep  275  train=31%  evalHell=60.9%  evalDef=85.6%  bestH=67.6%  eps=0.93  [1493s]
ep  300  train=31%  evalHell=61.8%  evalDef=84.8%  bestH=67.6%  eps=0.92  [1693s]
ep  325  train=33%  evalHell=62.9%  evalDef=85.3%  bestH=67.6%  eps=0.92  [1781s]
ep  350  train=32%  evalHell=64.1%  evalDef=84.9%  bestH=67.6%  eps=0.91  [1869s]
ep  375  train=33%  evalHell=63.5%  evalDef=83.7%  bestH=67.6%  eps=0.90  [1958s]
ep  400  train=33%  evalHell=63.1%  evalDef=85.6%  bestH=67.6%  eps=0.90  [2158s]
ep  425  train=33%  evalHell=61.9%  evalDef=84.3%  bestH=67.6%  eps=0.89  [2246s]
ep  450  train=34%  evalHell=61.4%  evalDef=85.9%  bestH=67.6%  eps=0.89  [2334s]
ep  475  train=34%  evalHell=56.2%  evalDef=80.9%  bestH=67.6%  eps=0.88  [2424s]
ep  500  train=34%  evalHell=64.6%  evalDef=85.3%  bestH=67.6%  eps=0.55  [2623s]
ep  525  train=35%  evalHell=62.0%  evalDef=84.1%  bestH=67.6%  eps=0.54  [2710s]
ep  550  train=36%  evalHell=63.9%  evalDef=85.4%  bestH=67.6%  eps=0.54  [2798s]
ep  575  train=37%  evalHell=59.9%  evalDef=86.3%  bestH=67.6%  eps=0.53  [2886s]
ep  600  train=38%  evalHell=61.5%  evalDef=81.9%  bestH=67.6%  eps=0.52  [3089s]
ep  625  train=38%  evalHell=61.8%  evalDef=88.0%  bestH=67.6%  eps=0.52  [3176s]
ep  650  train=39%  evalHell=59.1%  evalDef=86.6%  bestH=67.6%  eps=0.51  [3264s]
ep  675  train=40%  evalHell=62.6%  evalDef=85.1%  bestH=67.6%  eps=0.51  [3352s]
ep  700  train=40%  evalHell=62.2%  evalDef=80.3%  bestH=67.6%  eps=0.50  [3553s]
ep  725  train=40%  evalHell=65.8%  evalDef=86.6%  bestH=67.6%  eps=0.49  [3640s]
ep  750  train=41%  evalHell=63.3%  evalDef=85.4%  bestH=67.6%  eps=0.49  [3728s]
ep  775  train=41%  evalHell=61.9%  evalDef=85.1%  bestH=67.6%  eps=0.48  [3815s]
ep  800  train=42%  evalHell=63.3%  evalDef=85.9%  bestH=67.6%  eps=0.47  [4015s]
ep  825  train=43%  evalHell=62.7%  evalDef=85.6%  bestH=67.6%  eps=0.47  [4102s]
ep  850  train=43%  evalHell=66.8%  evalDef=86.1%  bestH=67.6%  eps=0.46  [4187s]
ep  875  train=44%  evalHell=61.9%  evalDef=85.8%  bestH=67.6%  eps=0.45  [4276s]
ep  900  train=44%  evalHell=61.6%  evalDef=84.1%  bestH=67.6%  eps=0.45  [4477s]
ep  925  train=45%  evalHell=63.1%  evalDef=86.6%  bestH=67.6%  eps=0.44  [4564s]
ep  950  train=46%  evalHell=61.9%  evalDef=84.3%  bestH=67.6%  eps=0.44  [4651s]
ep  975  train=46%  evalHell=59.1%  evalDef=88.0%  bestH=67.6%  eps=0.43  [4742s]
ep 1000  train=47%  evalHell=60.3%  evalDef=85.9%  bestH=67.6%  eps=0.55  [4943s]
ep 1025  train=47%  evalHell=60.8%  evalDef=84.3%  bestH=67.6%  eps=0.54  [5031s]
ep 1050  train=48%  evalHell=58.8%  evalDef=86.8%  bestH=67.6%  eps=0.54  [5119s]
ep 1075  train=48%  evalHell=64.2%  evalDef=86.4%  bestH=67.6%  eps=0.53  [5206s]
ep 1100  train=48%  evalHell=60.8%  evalDef=86.4%  bestH=67.6%  eps=0.52  [5406s]
ep 1125  train=48%  evalHell=63.7%  evalDef=83.8%  bestH=67.6%  eps=0.52  [5494s]
ep 1150  train=49%  evalHell=63.1%  evalDef=88.4%  bestH=67.6%  eps=0.51  [5581s]
ep 1175  train=49%  evalHell=63.3%  evalDef=86.1%  bestH=67.6%  eps=0.51  [5669s]
ep 1200  train=50%  evalHell=64.8%  evalDef=85.4%  bestH=67.6%  eps=0.50  [5869s]
ep 1225  train=50%  evalHell=61.2%  evalDef=83.5%  bestH=67.6%  eps=0.49  [5957s]
ep 1250  train=50%  evalHell=60.9%  evalDef=82.7%  bestH=67.6%  eps=0.49  [6044s]
ep 1275  train=50%  evalHell=62.0%  evalDef=87.5%  bestH=67.6%  eps=0.48  [6131s]
ep 1300  train=50%  evalHell=61.0%  evalDef=82.5%  bestH=67.6%  eps=0.47  [6334s]
ep 1325  train=50%  evalHell=62.5%  evalDef=87.5%  bestH=67.6%  eps=0.47  [6421s]
ep 1350  train=50%  evalHell=61.5%  evalDef=86.1%  bestH=67.6%  eps=0.46  [6512s]
ep 1375  train=50%  evalHell=61.6%  evalDef=81.9%  bestH=67.6%  eps=0.45  [6601s]
ep 1400  train=51%  evalHell=62.3%  evalDef=85.3%  bestH=67.6%  eps=0.45  [6802s]
ep 1425  train=51%  evalHell=61.0%  evalDef=85.9%  bestH=67.6%  eps=0.44  [6890s]
ep 1450  train=50%  evalHell=57.3%  evalDef=84.5%  bestH=67.6%  eps=0.44  [6979s]
ep 1475  train=51%  evalHell=60.5%  evalDef=82.9%  bestH=67.6%  eps=0.43  [7067s]
ep 1500  train=51%  evalHell=63.5%  evalDef=83.7%  bestH=67.6%  eps=0.55  [7268s]
ep 1525  train=51%  evalHell=64.3%  evalDef=83.3%  bestH=67.6%  eps=0.54  [7355s]
ep 1550  train=51%  evalHell=60.9%  evalDef=86.3%  bestH=67.6%  eps=0.54  [7442s]
ep 1575  train=51%  evalHell=63.8%  evalDef=84.9%  bestH=67.6%  eps=0.53  [7529s]
ep 1600  train=51%  evalHell=62.3%  evalDef=84.1%  bestH=67.6%  eps=0.52  [7730s]

=== v2 最佳权重最终评估 ===
vs 地狱策略：65.1%  (874-469)
vs 默认策略：81.1%  (880-205)
✅ v2 权重已保存：L:\tt_game\data\input-ai-v2.json
